[themes.2the.me/Semantic/1.1.4/Site/index.html]
[backblue.gif]
[fade.gif]
[index.html]
[themes.2the.me/Semantic/1.1.4/Site/assets/bootstrap/css/bootstrap.min.css]
[themes.2the.me/Semantic/1.1.4/Site/assets/css/simpletextrotator.css]
[themes.2the.me/Semantic/1.1.4/Site/assets/css/font-awesome.min.css]
[themes.2the.me/Semantic/1.1.4/Site/assets/css/et-line-font.css]
[themes.2the.me/Semantic/1.1.4/Site/assets/css/magnific-popup.css]
[themes.2the.me/Semantic/1.1.4/Site/assets/css/flexslider.css]
[themes.2the.me/Semantic/1.1.4/Site/assets/css/animate.css]
[themes.2the.me/Semantic/1.1.4/Site/assets/css/style.css]
[themes.2the.me/Semantic/1.1.4/Site/index-2.html]
[themes.2the.me/Semantic/1.1.4/Site/index-3.html]
[themes.2the.me/Semantic/1.1.4/Site/index-4.html]
[themes.2the.me/Semantic/1.1.4/Site/index-5.html]
[themes.2the.me/Semantic/1.1.4/Site/index-6.html]
[themes.2the.me/Semantic/1.1.4/Site/index-7.html]
[themes.2the.me/Semantic/1.1.4/Site/index-8.html]
[themes.2the.me/Semantic/1.1.4/Site/about.html]
[themes.2the.me/Semantic/1.1.4/Site/portfolio-boxed-col2.html]
[themes.2the.me/Semantic/1.1.4/Site/portfolio-boxed-col3.html]
[themes.2the.me/Semantic/1.1.4/Site/portfolio-boxed-col4.html]
[themes.2the.me/Semantic/1.1.4/Site/portfolio-boxed-hover-black.html]
[themes.2the.me/Semantic/1.1.4/Site/portfolio-boxed-hover-gradient.html]
[themes.2the.me/Semantic/1.1.4/Site/portfolio-boxed-gutter-col2.html]
[themes.2the.me/Semantic/1.1.4/Site/portfolio-boxed-gutter-col3.html]
[themes.2the.me/Semantic/1.1.4/Site/portfolio-boxed-gutter-col4.html]
[themes.2the.me/Semantic/1.1.4/Site/portfolio-boxed-gutter-hover-black.html]
[themes.2the.me/Semantic/1.1.4/Site/portfolio-boxed-gutter-hover-gradient.html]
[themes.2the.me/Semantic/1.1.4/Site/portfolio-boxed-masonry-col2.html]
[themes.2the.me/Semantic/1.1.4/Site/portfolio-boxed-masonry-col3.html]
[themes.2the.me/Semantic/1.1.4/Site/portfolio-boxed-masonry-col4.html]
[themes.2the.me/Semantic/1.1.4/Site/portfolio-boxed-masonry-hover-black.html]
[themes.2the.me/Semantic/1.1.4/Site/portfolio-boxed-masonry-hover-gradient.html]
[themes.2the.me/Semantic/1.1.4/Site/portfolio-wide-col2.html]
[themes.2the.me/Semantic/1.1.4/Site/portfolio-wide-col3.html]
[themes.2the.me/Semantic/1.1.4/Site/portfolio-wide-col4.html]
[themes.2the.me/Semantic/1.1.4/Site/portfolio-wide-hover-black.html]
[themes.2the.me/Semantic/1.1.4/Site/portfolio-wide-hover-gradient.html]
[themes.2the.me/Semantic/1.1.4/Site/portfolio-wide-gutter-col2.html]
[themes.2the.me/Semantic/1.1.4/Site/portfolio-wide-gutter-col3.html]
[themes.2the.me/Semantic/1.1.4/Site/portfolio-wide-gutter-col4.html]
[themes.2the.me/Semantic/1.1.4/Site/portfolio-wide-gutter-hover-black.html]
[themes.2the.me/Semantic/1.1.4/Site/portfolio-wide-gutter-hover-gradient.html]
[themes.2the.me/Semantic/1.1.4/Site/portfolio-wide-masonry-col2.html]
[themes.2the.me/Semantic/1.1.4/Site/portfolio-wide-masonry-col3.html]
[themes.2the.me/Semantic/1.1.4/Site/portfolio-wide-masonry-col4.html]
[themes.2the.me/Semantic/1.1.4/Site/portfolio-wide-masonry-hover-black.html]
[themes.2the.me/Semantic/1.1.4/Site/portfolio-wide-masonry-hover-gradient.html]
[themes.2the.me/Semantic/1.1.4/Site/portfolio-single-1.html]
[themes.2the.me/Semantic/1.1.4/Site/portfolio-single-2.html]
[themes.2the.me/Semantic/1.1.4/Site/portfolio-single-3.html]
[themes.2the.me/Semantic/1.1.4/Site/portfolio-single-4.html]
[themes.2the.me/Semantic/1.1.4/Site/portfolio-single-5.html]
[themes.2the.me/Semantic/1.1.4/Site/portfolio-single-6.html]
[themes.2the.me/Semantic/1.1.4/Site/portfolio-single-7.html]
[themes.2the.me/Semantic/1.1.4/Site/blog-grid-2col.html]
[themes.2the.me/Semantic/1.1.4/Site/blog-grid-3col.html]
[themes.2the.me/Semantic/1.1.4/Site/blog-grid-4col.html]
[themes.2the.me/Semantic/1.1.4/Site/blog-standart-1.html]
[themes.2the.me/Semantic/1.1.4/Site/blog-standart-2.html]
[themes.2the.me/Semantic/1.1.4/Site/blog-single.html]
[themes.2the.me/Semantic/1.1.4/Site/blog-single-2.html]
[themes.2the.me/Semantic/1.1.4/Site/comp-alerts-wells.html]
[themes.2the.me/Semantic/1.1.4/Site/comp-buttons.html]
[themes.2the.me/Semantic/1.1.4/Site/comp-collapses-tabs.html]
[themes.2the.me/Semantic/1.1.4/Site/comp-content-box.html]
[themes.2the.me/Semantic/1.1.4/Site/comp-forms.html]
[themes.2the.me/Semantic/1.1.4/Site/comp-icons.html]
[themes.2the.me/Semantic/1.1.4/Site/comp-progress-bars.html]
[themes.2the.me/Semantic/1.1.4/Site/comp-typography.html]
[themes.2the.me/Semantic/1.1.4/Site/contact.html]
[themes.2the.me/Semantic/1.1.4/Site/assets/images/section-1.jpg]
[themes.2the.me/Semantic/1.1.4/Site/assets/images/work-masonry-1.jpg]
[themes.2the.me/Semantic/1.1.4/Site/assets/images/work-2.jpg]
[themes.2the.me/Semantic/1.1.4/Site/assets/images/work-3.jpg]
[themes.2the.me/Semantic/1.1.4/Site/assets/images/work-4.jpg]
[themes.2the.me/Semantic/1.1.4/Site/assets/images/work-masonry-2.jpg]
[themes.2the.me/Semantic/1.1.4/Site/assets/images/work-6.jpg]
[themes.2the.me/Semantic/1.1.4/Site/assets/images/work-7.jpg]
[themes.2the.me/Semantic/1.1.4/Site/assets/images/section-4.jpg]
[themes.2the.me/Semantic/1.1.4/Site/assets/bootstrap/js/bootstrap.min.js]
[themes.2the.me/Semantic/1.1.4/Site/assets/js/jquery.mb.YTPlayer.min.js]
[themes.2the.me/Semantic/1.1.4/Site/assets/js/appear.js]
[themes.2the.me/Semantic/1.1.4/Site/assets/js/jquery-2.1.3.min.js]
[themes.2the.me/Semantic/1.1.4/Site/assets/js/jquery.simple-text-rotator.min.js]
[themes.2the.me/Semantic/1.1.4/Site/assets/js/jqBootstrapValidation.js]
[themes.2the.me/Semantic/1.1.4/Site/assets/js/imagesloaded.pkgd.js]
[themes.2the.me/Semantic/1.1.4/Site/assets/js/gmaps.js]
[themes.2the.me/Semantic/1.1.4/Site/assets/js/isotope.pkgd.min.js]
[themes.2the.me/Semantic/1.1.4/Site/assets/js/jquery.flexslider-min.js]
[themes.2the.me/Semantic/1.1.4/Site/assets/js/jquery.fitvids.js]
[themes.2the.me/Semantic/1.1.4/Site/assets/js/jquery.magnific-popup.min.js]
[themes.2the.me/Semantic/1.1.4/Site/assets/js/smoothscroll.js]
[themes.2the.me/Semantic/1.1.4/Site/assets/js/wow.min.js]
[themes.2the.me/Semantic/1.1.4/Site/assets/js/contact.js]
[themes.2the.me/Semantic/1.1.4/Site/index.html]
[themes.2the.me/Semantic/1.1.4/Site/assets/bootstrap/fonts/glyphicons-halflings-regular.eot]
[themes.2the.me/Semantic/1.1.4/Site/assets/js/custom.js]
[themes.2the.me/Semantic/1.1.4/Site/assets/bootstrap/fonts/glyphicons-halflings-regulard41d.eot]
[themes.2the.me/Semantic/1.1.4/Site/assets/bootstrap/fonts/glyphicons-halflings-regular.woff2]
[themes.2the.me/Semantic/1.1.4/Site/assets/bootstrap/fonts/glyphicons-halflings-regular.ttf]
[themes.2the.me/Semantic/1.1.4/Site/assets/bootstrap/fonts/glyphicons-halflings-regular.svg]
[themes.2the.me/Semantic/1.1.4/Site/assets/bootstrap/css/bootstrap.min.css]
[themes.2the.me/Semantic/1.1.4/Site/assets/css/simpletextrotator.css]
[themes.2the.me/Semantic/1.1.4/Site/assets/fonts/fontawesome-webfont3e6e.eot]
[themes.2the.me/Semantic/1.1.4/Site/assets/bootstrap/fonts/glyphicons-halflings-regular.woff]
[themes.2the.me/Semantic/1.1.4/Site/assets/fonts/fontawesome-webfontd41d.eot]
[themes.2the.me/Semantic/1.1.4/Site/assets/fonts/fontawesome-webfont3e6e.woff2]
[themes.2the.me/Semantic/1.1.4/Site/assets/fonts/fontawesome-webfont3e6e.ttf]
[themes.2the.me/Semantic/1.1.4/Site/assets/css/font-awesome.min.css]
[themes.2the.me/Semantic/1.1.4/Site/assets/fonts/et-line.eot]
[themes.2the.me/Semantic/1.1.4/Site/assets/fonts/fontawesome-webfont3e6e.svg]
[themes.2the.me/Semantic/1.1.4/Site/assets/fonts/fontawesome-webfont3e6e.woff]
[themes.2the.me/Semantic/1.1.4/Site/assets/fonts/et-lined41d.eot]
[themes.2the.me/Semantic/1.1.4/Site/assets/fonts/et-line.ttf]
[themes.2the.me/Semantic/1.1.4/Site/assets/fonts/et-line.woff]
[themes.2the.me/Semantic/1.1.4/Site/assets/css/et-line-font.css]
[themes.2the.me/Semantic/1.1.4/Site/assets/css/magnific-popup.css]
[themes.2the.me/Semantic/1.1.4/Site/assets/fonts/flexslider-icon.eot]
[themes.2the.me/Semantic/1.1.4/Site/assets/fonts/et-line.svg]
[themes.2the.me/Semantic/1.1.4/Site/assets/fonts/flexslider-icon.woff]
[themes.2the.me/Semantic/1.1.4/Site/assets/fonts/flexslider-icon.ttf]
[themes.2the.me/Semantic/1.1.4/Site/assets/fonts/flexslider-icond41d.eot]
[themes.2the.me/Semantic/1.1.4/Site/assets/css/flexslider.css]
[themes.2the.me/Semantic/1.1.4/Site/assets/css/animate.css]
[themes.2the.me/Semantic/1.1.4/Site/assets/fonts/flexslider-icon.svg]
[themes.2the.me/Semantic/1.1.4/Site/assets/css/style.css]
[themes.2the.me/Semantic/1.1.4/Site/assets/css/custom.css]
[themes.2the.me/Semantic/1.1.4/Site/assets/css/slider.css]
[themes.2the.me/Semantic/1.1.4/Site/assets/css/vertical.css]
[themes.2the.me/Semantic/1.1.4/Site/assets/images/section-2.jpg]
[themes.2the.me/Semantic/1.1.4/Site/index-2.html]
[themes.2the.me/Semantic/1.1.4/Site/assets/images/section-9.jpg]
[themes.2the.me/Semantic/1.1.4/Site/assets/images/section-8.jpg]
[themes.2the.me/Semantic/1.1.4/Site/index-3.html]
[themes.2the.me/Semantic/1.1.4/Site/index-4.html]
[themes.2the.me/Semantic/1.1.4/Site/index-5.html]
[themes.2the.me/Semantic/1.1.4/Site/index-6.html]
[themes.2the.me/Semantic/1.1.4/Site/assets/images/section-10.jpg]
[themes.2the.me/Semantic/1.1.4/Site/index-7.html]
[themes.2the.me/Semantic/1.1.4/Site/assets/images/section-11.jpg]
[themes.2the.me/Semantic/1.1.4/Site/index-8.html]
[themes.2the.me/Semantic/1.1.4/Site/assets/images/section-5.jpg]
[themes.2the.me/Semantic/1.1.4/Site/assets/images/section-7.jpg]
[themes.2the.me/Semantic/1.1.4/Site/assets/images/team-1.jpg]
[themes.2the.me/Semantic/1.1.4/Site/assets/images/team-2.jpg]
[themes.2the.me/Semantic/1.1.4/Site/assets/images/team-3.jpg]
[themes.2the.me/Semantic/1.1.4/Site/assets/images/team-4.jpg]
[themes.2the.me/Semantic/1.1.4/Site/about.html]
[themes.2the.me/Semantic/1.1.4/Site/assets/images/work-1.jpg]
[themes.2the.me/Semantic/1.1.4/Site/assets/images/work-5.jpg]
[themes.2the.me/Semantic/1.1.4/Site/portfolio-boxed-col2.html]
[themes.2the.me/Semantic/1.1.4/Site/portfolio-boxed-col3.html]
[themes.2the.me/Semantic/1.1.4/Site/portfolio-boxed-col4.html]
[themes.2the.me/Semantic/1.1.4/Site/portfolio-boxed-hover-black.html]
[themes.2the.me/Semantic/1.1.4/Site/portfolio-boxed-hover-gradient.html]
[themes.2the.me/Semantic/1.1.4/Site/portfolio-boxed-gutter-col2.html]
[themes.2the.me/Semantic/1.1.4/Site/portfolio-boxed-gutter-col3.html]
[themes.2the.me/Semantic/1.1.4/Site/portfolio-boxed-gutter-col4.html]
[themes.2the.me/Semantic/1.1.4/Site/portfolio-boxed-gutter-hover-black.html]
[themes.2the.me/Semantic/1.1.4/Site/portfolio-boxed-gutter-hover-gradient.html]
[themes.2the.me/Semantic/1.1.4/Site/portfolio-boxed-masonry-col2.html]
[themes.2the.me/Semantic/1.1.4/Site/portfolio-boxed-masonry-col3.html]
[themes.2the.me/Semantic/1.1.4/Site/portfolio-boxed-masonry-col4.html]
[themes.2the.me/Semantic/1.1.4/Site/portfolio-boxed-masonry-hover-black.html]
[themes.2the.me/Semantic/1.1.4/Site/portfolio-boxed-masonry-hover-gradient.html]
[themes.2the.me/Semantic/1.1.4/Site/portfolio-wide-col2.html]
[themes.2the.me/Semantic/1.1.4/Site/portfolio-wide-col3.html]
[themes.2the.me/Semantic/1.1.4/Site/portfolio-wide-col4.html]
[themes.2the.me/Semantic/1.1.4/Site/portfolio-wide-hover-black.html]
[themes.2the.me/Semantic/1.1.4/Site/portfolio-wide-hover-gradient.html]
[themes.2the.me/Semantic/1.1.4/Site/portfolio-wide-gutter-col2.html]
[themes.2the.me/Semantic/1.1.4/Site/portfolio-wide-gutter-col3.html]
[themes.2the.me/Semantic/1.1.4/Site/portfolio-wide-gutter-col4.html]
[themes.2the.me/Semantic/1.1.4/Site/portfolio-wide-gutter-hover-black.html]
[themes.2the.me/Semantic/1.1.4/Site/portfolio-wide-gutter-hover-gradient.html]
[themes.2the.me/Semantic/1.1.4/Site/portfolio-wide-masonry-col2.html]
[themes.2the.me/Semantic/1.1.4/Site/portfolio-wide-masonry-col3.html]
[themes.2the.me/Semantic/1.1.4/Site/portfolio-wide-masonry-col4.html]
[themes.2the.me/Semantic/1.1.4/Site/portfolio-wide-masonry-hover-black.html]
[themes.2the.me/Semantic/1.1.4/Site/portfolio-wide-masonry-hover-gradient.html]
[themes.2the.me/Semantic/1.1.4/Site/portfolio-single-1.html]
[themes.2the.me/Semantic/1.1.4/Site/portfolio-single-2.html]
[themes.2the.me/Semantic/1.1.4/Site/assets/images/section-3.jpg]
[themes.2the.me/Semantic/1.1.4/Site/portfolio-single-3.html]
[themes.2the.me/Semantic/1.1.4/Site/portfolio-single-4.html]
[themes.2the.me/Semantic/1.1.4/Site/portfolio-single-5.html]
[themes.2the.me/Semantic/1.1.4/Site/portfolio-single-6.html]
[themes.2the.me/Semantic/1.1.4/Site/portfolio-single-7.html]
[themes.2the.me/Semantic/1.1.4/Site/assets/images/post-1.jpg]
[themes.2the.me/Semantic/1.1.4/Site/assets/images/post-2.jpg]
[themes.2the.me/Semantic/1.1.4/Site/assets/images/post-3.jpg]
[themes.2the.me/Semantic/1.1.4/Site/assets/images/post-4.jpg]
[themes.2the.me/Semantic/1.1.4/Site/assets/images/post-5.jpg]
[themes.2the.me/Semantic/1.1.4/Site/assets/images/post-6.jpg]
[themes.2the.me/Semantic/1.1.4/Site/blog-grid-2col.html]
[themes.2the.me/Semantic/1.1.4/Site/blog-grid-3col.html]
[themes.2the.me/Semantic/1.1.4/Site/blog-grid-4col.html]
[themes.2the.me/Semantic/1.1.4/Site/blog-standart-1.html]
[themes.2the.me/Semantic/1.1.4/Site/blog-standart-2.html]
[s3.amazonaws.com/uifaces/faces/twitter/ryanbattles/128.jpg]
[s3.amazonaws.com/uifaces/faces/twitter/draganbabic/128.jpg]
[s3.amazonaws.com/uifaces/faces/twitter/pixeliris/128.jpg]
[themes.2the.me/Semantic/1.1.4/Site/blog-single.html]
[themes.2the.me/Semantic/1.1.4/Site/blog-single-2.html]
[themes.2the.me/Semantic/1.1.4/Site/comp-alerts-wells.html]
[themes.2the.me/Semantic/1.1.4/Site/comp-buttons.html]
[themes.2the.me/Semantic/1.1.4/Site/comp-collapses-tabs.html]
[themes.2the.me/Semantic/1.1.4/Site/comp-content-box.html]
[themes.2the.me/Semantic/1.1.4/Site/comp-forms.html]
[themes.2the.me/Semantic/1.1.4/Site/comp-icons.html]
[themes.2the.me/Semantic/1.1.4/Site/comp-progress-bars.html]
[themes.2the.me/Semantic/1.1.4/Site/comp-typography.html]
[themes.2the.me/Semantic/1.1.4/Site/contact.html]
[themes.2the.me/Semantic/1.1.4/Site/assets/bootstrap/fonts/glyphicons-halflings-regular.svg]
[themes.2the.me/Semantic/1.1.4/Site/assets/fonts/fontawesome-webfont3e6e.svg]
[themes.2the.me/Semantic/1.1.4/Site/assets/fonts/et-line.svg]
[themes.2the.me/Semantic/1.1.4/Site/assets/fonts/flexslider-icon.svg]
[themes.2the.me/Semantic/1.1.4/Site/assets/images/prev-light.png]
[themes.2the.me/Semantic/1.1.4/Site/assets/images/next-light.png]
[themes.2the.me/Semantic/1.1.4/Site/assets/images/prev-dark.png]
[themes.2the.me/Semantic/1.1.4/Site/assets/images/next-dark.png]
[themes.2the.me/Semantic/1.1.4/Site/assets/css/slider.css]
[themes.2the.me/Semantic/1.1.4/Site/assets/css/vertical.css]
